// Jest Snapshot v1, https://goo.gl/fbAQLP

exports[`TextInputField component it matches the snapshot 1`] = `
<div
  className="form-group"
>
  <div
    className="input-group"
  >
    <span
      className="input-group-addon"
    >
      <i
        className=""
      />
    </span>
    <input
      className="form-control form-control-lg"
      icon=""
      label=""
      placeholder=""
    />
  </div>
</div>
`;
