// Jest Snapshot v1, https://goo.gl/fbAQLP

exports[`change password functionality matches the snapshot 1`] = `ReactWrapper {}`;
