// Jest Snapshot v1, https://goo.gl/fbAQLP

exports[`reset password functionality matches the snapshot 1`] = `ReactWrapper {}`;
