// Jest Snapshot v1, https://goo.gl/fbAQLP

exports[`Test article component Matches the snapshot 1`] = `ShallowWrapper {}`;
