// Jest Snapshot v1, https://goo.gl/fbAQLP

exports[`<Comment /> renders as expected  1`] = `
ShallowWrapper {
  "defaultProps": Object {
    "articleSlug": "test-article-slug",
  },
}
`;
