// Jest Snapshot v1, https://goo.gl/fbAQLP

exports[`<Edit comment component /> renders as expected 1`] = `ShallowWrapper {}`;
