// Jest Snapshot v1, https://goo.gl/fbAQLP

exports[`<Single Comment /> renders as expected 1`] = `ShallowWrapper {}`;
