// Jest Snapshot v1, https://goo.gl/fbAQLP

exports[`Login functionality Login should render correctly 1`] = `ReactWrapper {}`;
